[nyccertifiedwelding.com/index.html]
[backblue.gif]
[fade.gif]
[index.html]
[use.typekit.net/ik/m3Kz27yzYvySJhOCBmCN9VbKDvRanuW7s59vr0j26hJfel3ffFHN4UJLFRbh52jhWD9UjDbu5ewaZQsKwewujQqXFeIDwc9tws7BMAoojhF8S1sTZc88ZYi8desTdcS0jhNlOYiaiko0pAFRZW4X-AZTZAsaZAUq-Ao1OcFzdPUCdhFydeyzSabCZhmkjAU]
[static1.squarespace.com/static/sitecss/51c458c7e4b0c5a944a32e81/18/50521cf884aeb45fa5cfdb80/51c45ddee4b079ce7c203c83/950-05142015/1443391252112/site9661.css]
[nyccertifiedwelding.com/menu-1.html]
[nyccertifiedwelding.com/menu.html]
[assets.squarespace.com/universal/scripts-compressed/performance-99cbf2b7ae19fdfe882af-min.en-US.js]
[nyccertifiedwelding.com/liscenses.html]
[nyccertifiedwelding.com/stainless-steel.html]
[nyccertifiedwelding.com/gallery.html]
[nyccertifiedwelding.com/index.html]
[static1.squarespace.com/static/ta/5052176b84aeb45fa5cfcc83/950/scripts/site-bundle.js]
[assets.squarespace.com/universal/scripts-compressed/common-114f12174c13e358b7c12-min.en-US.js]
[assets.squarespace.com/universal/images-v6/damask/error-dark.png]
[assets.squarespace.com/universal/images-v6/damask/error-dark@2x.png]
[assets.squarespace.com/universal/images-v6/damask/play-button.png]
[assets.squarespace.com/universal/images-v6/damask/play-button@2x.png]
[static1.squarespace.com/static/sitecss/51c458c7e4b0c5a944a32e81/18/50521cf884aeb45fa5cfdb80/51c45ddee4b079ce7c203c83/950-05142015/1443391252112/gallery-play-big.css]
[static1.squarespace.com/static/sitecss/51c458c7e4b0c5a944a32e81/18/50521cf884aeb45fa5cfdb80/51c45ddee4b079ce7c203c83/950-05142015/1443391252112/gallery-play-big@2x.css]
[assets.squarespace.com/universal/images-v6/damask/edit-aviary-light.png]
[assets.squarespace.com/universal/images-v6/damask/edit-aviary-light@2x.png]
[assets.squarespace.com/universal/images-v6/damask/edit-info-light.png]
[assets.squarespace.com/universal/images-v6/damask/edit-info-light@2x.png]
[assets.squarespace.com/universal/images-v6/damask/trash-9-light.png]
[assets.squarespace.com/universal/images-v6/damask/trash-9-light@2x.png]
[assets.squarespace.com/universal/images-v6/damask/trash-9-red.png]
[assets.squarespace.com/universal/images-v6/damask/trash-9-red@2x.png]
[assets.squarespace.com/universal/images-v6/damask/getty-16-light.png]
[assets.squarespace.com/universal/images-v6/damask/getty-32-light.png]
[assets.squarespace.com/universal/images-v6/damask/shopping-cart-16-light.png]
[assets.squarespace.com/universal/images-v6/damask/shopping-cart-32-light.png]
[static1.squarespace.com/universal/images-v6/icons/block-indicator-dark.png]
[static1.squarespace.com/universal/images-v6/icons/block-indicator-dark@2x.png]
[static1.squarespace.com/universal/images-v6/icons/opentable-icons.png]
[static1.squarespace.com/universal/images-v6/icons/icon-searchqueries-20-dark.png]
[static1.squarespace.com/universal/images-v6/icons/icon-searchqueries-20-light.png]
[assets.squarespace.com/universal/images-v6/icons/icon-video-24-light-solid.png]
[static1.squarespace.com/universal/images-v6/damask/image-inside-64-dark.png]
[static1.squarespace.com/universal/images-v6/damask/image-inside-128-dark.png]
[assets.squarespace.com/universal/images-v6/standard/icon_close_7_light.png]
[assets.squarespace.com/universal/images-v6/icons/icon-settings-16-light.png]
[static1.squarespace.com/static/sitecss/51c458c7e4b0c5a944a32e81/18/50521cf884aeb45fa5cfdb80/51c45ddee4b079ce7c203c83/950-05142015/1443391252112/site9661.css]
[nyccertifiedwelding.com/menu-1.html]
[nyccertifiedwelding.com/menu.html]
[nyccertifiedwelding.com/liscenses.html]
[nyccertifiedwelding.com/stainless-steel.html]
[nyccertifiedwelding.com/gallery.html]
[static1.squarespace.com/static/sitecss/51c458c7e4b0c5a944a32e81/18/50521cf884aeb45fa5cfdb80/51c45ddee4b079ce7c203c83/950-05142015/1443391252112/gallery-play-big.css]
[static1.squarespace.com/static/sitecss/51c458c7e4b0c5a944a32e81/18/50521cf884aeb45fa5cfdb80/51c45ddee4b079ce7c203c83/950-05142015/1443391252112/gallery-play-big@2x.css]
